// Jest Snapshot v1, https://goo.gl/fbAQLP

exports[`Sidebar should match the snapshot 1`] = `
ShallowWrapper {
  "length": 1,
  Symbol(enzyme.__root__): [Circular],
  Symbol(enzyme.__unrendered__): <Sidebar
    addUser={[Function]}
/>,
  Symbol(enzyme.__renderer__): Object {
    "batchedUpdates": [Function],
    "getNode": [Function],
    "render": [Function],
    "simulateEvent": [Function],
    "unmount": [Function],
  },
  Symbol(enzyme.__node__): Object {
    "instance": null,
    "key": undefined,
    "nodeType": "host",
    "props": Object {
      "children": Array [
        <button
          onClick={[Function]}
>
          Log In
</button>,
        <hr />,
        <ul>
          <li>
                    <NavLink
                              activeClassName="active"
                              aria-current="page"
                              className="nav"
                              to="/schedule"
                    >
                              Schedule
                    </NavLink>
          </li>
          <li>
                    <NavLink
                              activeClassName="active"
                              aria-current="page"
                              className="nav"
                              to="/unscheduled-events"
                    >
                              Unscheduled Events
                    </NavLink>
          </li>
          <li>
                    <NavLink
                              activeClassName="active"
                              aria-current="page"
                              className="nav"
                              to="/availability"
                    >
                              Availability
                    </NavLink>
          </li>
          <li>
                    <NavLink
                              activeClassName="active"
                              aria-current="page"
                              className="nav"
                              to="/add-staff"
                    >
                              Add Staff
                    </NavLink>
          </li>
          <li>
                    <NavLink
                              activeClassName="active"
                              aria-current="page"
                              className="nav"
                              to="/add-events"
                    >
                              Add Events
                    </NavLink>
          </li>
</ul>,
      ],
    },
    "ref": null,
    "rendered": Array [
      Object {
        "instance": null,
        "key": undefined,
        "nodeType": "host",
        "props": Object {
          "children": "Log In",
          "onClick": [Function],
        },
        "ref": null,
        "rendered": "Log In",
        "type": "button",
      },
      Object {
        "instance": null,
        "key": undefined,
        "nodeType": "host",
        "props": Object {},
        "ref": null,
        "rendered": null,
        "type": "hr",
      },
      Object {
        "instance": null,
        "key": undefined,
        "nodeType": "host",
        "props": Object {
          "children": Array [
            <li>
              <NavLink
                            activeClassName="active"
                            aria-current="page"
                            className="nav"
                            to="/schedule"
              >
                            Schedule
              </NavLink>
</li>,
            <li>
              <NavLink
                            activeClassName="active"
                            aria-current="page"
                            className="nav"
                            to="/unscheduled-events"
              >
                            Unscheduled Events
              </NavLink>
</li>,
            <li>
              <NavLink
                            activeClassName="active"
                            aria-current="page"
                            className="nav"
                            to="/availability"
              >
                            Availability
              </NavLink>
</li>,
            <li>
              <NavLink
                            activeClassName="active"
                            aria-current="page"
                            className="nav"
                            to="/add-staff"
              >
                            Add Staff
              </NavLink>
</li>,
            <li>
              <NavLink
                            activeClassName="active"
                            aria-current="page"
                            className="nav"
                            to="/add-events"
              >
                            Add Events
              </NavLink>
</li>,
          ],
        },
        "ref": null,
        "rendered": Array [
          Object {
            "instance": null,
            "key": undefined,
            "nodeType": "host",
            "props": Object {
              "children": <NavLink
                activeClassName="active"
                aria-current="page"
                className="nav"
                to="/schedule"
>
                Schedule
</NavLink>,
            },
            "ref": null,
            "rendered": Object {
              "instance": null,
              "key": undefined,
              "nodeType": "function",
              "props": Object {
                "activeClassName": "active",
                "aria-current": "page",
                "children": "Schedule",
                "className": "nav",
                "to": "/schedule",
              },
              "ref": null,
              "rendered": "Schedule",
              "type": [Function],
            },
            "type": "li",
          },
          Object {
            "instance": null,
            "key": undefined,
            "nodeType": "host",
            "props": Object {
              "children": <NavLink
                activeClassName="active"
                aria-current="page"
                className="nav"
                to="/unscheduled-events"
>
                Unscheduled Events
</NavLink>,
            },
            "ref": null,
            "rendered": Object {
              "instance": null,
              "key": undefined,
              "nodeType": "function",
              "props": Object {
                "activeClassName": "active",
                "aria-current": "page",
                "children": "Unscheduled Events",
                "className": "nav",
                "to": "/unscheduled-events",
              },
              "ref": null,
              "rendered": "Unscheduled Events",
              "type": [Function],
            },
            "type": "li",
          },
          Object {
            "instance": null,
            "key": undefined,
            "nodeType": "host",
            "props": Object {
              "children": <NavLink
                activeClassName="active"
                aria-current="page"
                className="nav"
                to="/availability"
>
                Availability
</NavLink>,
            },
            "ref": null,
            "rendered": Object {
              "instance": null,
              "key": undefined,
              "nodeType": "function",
              "props": Object {
                "activeClassName": "active",
                "aria-current": "page",
                "children": "Availability",
                "className": "nav",
                "to": "/availability",
              },
              "ref": null,
              "rendered": "Availability",
              "type": [Function],
            },
            "type": "li",
          },
          Object {
            "instance": null,
            "key": undefined,
            "nodeType": "host",
            "props": Object {
              "children": <NavLink
                activeClassName="active"
                aria-current="page"
                className="nav"
                to="/add-staff"
>
                Add Staff
</NavLink>,
            },
            "ref": null,
            "rendered": Object {
              "instance": null,
              "key": undefined,
              "nodeType": "function",
              "props": Object {
                "activeClassName": "active",
                "aria-current": "page",
                "children": "Add Staff",
                "className": "nav",
                "to": "/add-staff",
              },
              "ref": null,
              "rendered": "Add Staff",
              "type": [Function],
            },
            "type": "li",
          },
          Object {
            "instance": null,
            "key": undefined,
            "nodeType": "host",
            "props": Object {
              "children": <NavLink
                activeClassName="active"
                aria-current="page"
                className="nav"
                to="/add-events"
>
                Add Events
</NavLink>,
            },
            "ref": null,
            "rendered": Object {
              "instance": null,
              "key": undefined,
              "nodeType": "function",
              "props": Object {
                "activeClassName": "active",
                "aria-current": "page",
                "children": "Add Events",
                "className": "nav",
                "to": "/add-events",
              },
              "ref": null,
              "rendered": "Add Events",
              "type": [Function],
            },
            "type": "li",
          },
        ],
        "type": "ul",
      },
    ],
    "type": "aside",
  },
  Symbol(enzyme.__nodes__): Array [
    Object {
      "instance": null,
      "key": undefined,
      "nodeType": "host",
      "props": Object {
        "children": Array [
          <button
            onClick={[Function]}
>
            Log In
</button>,
          <hr />,
          <ul>
            <li>
                        <NavLink
                                    activeClassName="active"
                                    aria-current="page"
                                    className="nav"
                                    to="/schedule"
                        >
                                    Schedule
                        </NavLink>
            </li>
            <li>
                        <NavLink
                                    activeClassName="active"
                                    aria-current="page"
                                    className="nav"
                                    to="/unscheduled-events"
                        >
                                    Unscheduled Events
                        </NavLink>
            </li>
            <li>
                        <NavLink
                                    activeClassName="active"
                                    aria-current="page"
                                    className="nav"
                                    to="/availability"
                        >
                                    Availability
                        </NavLink>
            </li>
            <li>
                        <NavLink
                                    activeClassName="active"
                                    aria-current="page"
                                    className="nav"
                                    to="/add-staff"
                        >
                                    Add Staff
                        </NavLink>
            </li>
            <li>
                        <NavLink
                                    activeClassName="active"
                                    aria-current="page"
                                    className="nav"
                                    to="/add-events"
                        >
                                    Add Events
                        </NavLink>
            </li>
</ul>,
        ],
      },
      "ref": null,
      "rendered": Array [
        Object {
          "instance": null,
          "key": undefined,
          "nodeType": "host",
          "props": Object {
            "children": "Log In",
            "onClick": [Function],
          },
          "ref": null,
          "rendered": "Log In",
          "type": "button",
        },
        Object {
          "instance": null,
          "key": undefined,
          "nodeType": "host",
          "props": Object {},
          "ref": null,
          "rendered": null,
          "type": "hr",
        },
        Object {
          "instance": null,
          "key": undefined,
          "nodeType": "host",
          "props": Object {
            "children": Array [
              <li>
                <NavLink
                                activeClassName="active"
                                aria-current="page"
                                className="nav"
                                to="/schedule"
                >
                                Schedule
                </NavLink>
</li>,
              <li>
                <NavLink
                                activeClassName="active"
                                aria-current="page"
                                className="nav"
                                to="/unscheduled-events"
                >
                                Unscheduled Events
                </NavLink>
</li>,
              <li>
                <NavLink
                                activeClassName="active"
                                aria-current="page"
                                className="nav"
                                to="/availability"
                >
                                Availability
                </NavLink>
</li>,
              <li>
                <NavLink
                                activeClassName="active"
                                aria-current="page"
                                className="nav"
                                to="/add-staff"
                >
                                Add Staff
                </NavLink>
</li>,
              <li>
                <NavLink
                                activeClassName="active"
                                aria-current="page"
                                className="nav"
                                to="/add-events"
                >
                                Add Events
                </NavLink>
</li>,
            ],
          },
          "ref": null,
          "rendered": Array [
            Object {
              "instance": null,
              "key": undefined,
              "nodeType": "host",
              "props": Object {
                "children": <NavLink
                  activeClassName="active"
                  aria-current="page"
                  className="nav"
                  to="/schedule"
>
                  Schedule
</NavLink>,
              },
              "ref": null,
              "rendered": Object {
                "instance": null,
                "key": undefined,
                "nodeType": "function",
                "props": Object {
                  "activeClassName": "active",
                  "aria-current": "page",
                  "children": "Schedule",
                  "className": "nav",
                  "to": "/schedule",
                },
                "ref": null,
                "rendered": "Schedule",
                "type": [Function],
              },
              "type": "li",
            },
            Object {
              "instance": null,
              "key": undefined,
              "nodeType": "host",
              "props": Object {
                "children": <NavLink
                  activeClassName="active"
                  aria-current="page"
                  className="nav"
                  to="/unscheduled-events"
>
                  Unscheduled Events
</NavLink>,
              },
              "ref": null,
              "rendered": Object {
                "instance": null,
                "key": undefined,
                "nodeType": "function",
                "props": Object {
                  "activeClassName": "active",
                  "aria-current": "page",
                  "children": "Unscheduled Events",
                  "className": "nav",
                  "to": "/unscheduled-events",
                },
                "ref": null,
                "rendered": "Unscheduled Events",
                "type": [Function],
              },
              "type": "li",
            },
            Object {
              "instance": null,
              "key": undefined,
              "nodeType": "host",
              "props": Object {
                "children": <NavLink
                  activeClassName="active"
                  aria-current="page"
                  className="nav"
                  to="/availability"
>
                  Availability
</NavLink>,
              },
              "ref": null,
              "rendered": Object {
                "instance": null,
                "key": undefined,
                "nodeType": "function",
                "props": Object {
                  "activeClassName": "active",
                  "aria-current": "page",
                  "children": "Availability",
                  "className": "nav",
                  "to": "/availability",
                },
                "ref": null,
                "rendered": "Availability",
                "type": [Function],
              },
              "type": "li",
            },
            Object {
              "instance": null,
              "key": undefined,
              "nodeType": "host",
              "props": Object {
                "children": <NavLink
                  activeClassName="active"
                  aria-current="page"
                  className="nav"
                  to="/add-staff"
>
                  Add Staff
</NavLink>,
              },
              "ref": null,
              "rendered": Object {
                "instance": null,
                "key": undefined,
                "nodeType": "function",
                "props": Object {
                  "activeClassName": "active",
                  "aria-current": "page",
                  "children": "Add Staff",
                  "className": "nav",
                  "to": "/add-staff",
                },
                "ref": null,
                "rendered": "Add Staff",
                "type": [Function],
              },
              "type": "li",
            },
            Object {
              "instance": null,
              "key": undefined,
              "nodeType": "host",
              "props": Object {
                "children": <NavLink
                  activeClassName="active"
                  aria-current="page"
                  className="nav"
                  to="/add-events"
>
                  Add Events
</NavLink>,
              },
              "ref": null,
              "rendered": Object {
                "instance": null,
                "key": undefined,
                "nodeType": "function",
                "props": Object {
                  "activeClassName": "active",
                  "aria-current": "page",
                  "children": "Add Events",
                  "className": "nav",
                  "to": "/add-events",
                },
                "ref": null,
                "rendered": "Add Events",
                "type": [Function],
              },
              "type": "li",
            },
          ],
          "type": "ul",
        },
      ],
      "type": "aside",
    },
  ],
  Symbol(enzyme.__options__): Object {
    "adapter": ReactSixteenAdapter {
      "options": Object {
        "enableComponentDidUpdateOnSetState": true,
      },
    },
  },
}
`;
