// Jest Snapshot v1, https://goo.gl/fbAQLP

exports[`EditStaffDropdown should match the snapshot 1`] = `
ShallowWrapper {
  "length": 1,
  Symbol(enzyme.__root__): [Circular],
  Symbol(enzyme.__unrendered__): <EditStaffDropdown
    closeModal={[Function]}
    currentPerson={
        Object {
            "name": "Jared",
            "role": "Bartender",
          }
    }
    event={
        Object {
            "date": "2018-06-06",
            "event_id": 1,
          }
    }
    staff={
        Array [
            Object {
              "id": 2,
              "name": "Jared",
            },
          ]
    }
    updateEventStaff={[Function]}
/>,
  Symbol(enzyme.__renderer__): Object {
    "batchedUpdates": [Function],
    "getNode": [Function],
    "render": [Function],
    "simulateEvent": [Function],
    "unmount": [Function],
  },
  Symbol(enzyme.__node__): Object {
    "instance": null,
    "key": undefined,
    "nodeType": "host",
    "props": Object {
      "children": <section
        className="modal-main"
>
        Replace 
        Jared
         in a role of 
        Bartender
         with
        <select
                onChange={[Function]}
        >
                <option>
                        Select staff
                </option>
        </select>
        <button
                onClick={[Function]}
        >
                Save
        </button>
        <button
                onClick={[Function]}
        >
                Close
        </button>
</section>,
      "className": "modal-container",
    },
    "ref": null,
    "rendered": Object {
      "instance": null,
      "key": undefined,
      "nodeType": "host",
      "props": Object {
        "children": Array [
          "Replace ",
          "Jared",
          " in a role of ",
          "Bartender",
          " with",
          <select
            onChange={[Function]}
>
            <option>
                        Select staff
            </option>
</select>,
          <button
            onClick={[Function]}
>
            Save
</button>,
          <button
            onClick={[Function]}
>
            Close
</button>,
        ],
        "className": "modal-main",
      },
      "ref": null,
      "rendered": Array [
        "Replace ",
        "Jared",
        " in a role of ",
        "Bartender",
        " with",
        Object {
          "instance": null,
          "key": undefined,
          "nodeType": "host",
          "props": Object {
            "children": Array [
              <option>
                Select staff
</option>,
              Array [],
            ],
            "onChange": [Function],
          },
          "ref": null,
          "rendered": Array [
            Object {
              "instance": null,
              "key": undefined,
              "nodeType": "host",
              "props": Object {
                "children": "Select staff",
              },
              "ref": null,
              "rendered": "Select staff",
              "type": "option",
            },
          ],
          "type": "select",
        },
        Object {
          "instance": null,
          "key": undefined,
          "nodeType": "host",
          "props": Object {
            "children": "Save",
            "onClick": [Function],
          },
          "ref": null,
          "rendered": "Save",
          "type": "button",
        },
        Object {
          "instance": null,
          "key": undefined,
          "nodeType": "host",
          "props": Object {
            "children": "Close",
            "onClick": [Function],
          },
          "ref": null,
          "rendered": "Close",
          "type": "button",
        },
      ],
      "type": "section",
    },
    "type": "section",
  },
  Symbol(enzyme.__nodes__): Array [
    Object {
      "instance": null,
      "key": undefined,
      "nodeType": "host",
      "props": Object {
        "children": <section
          className="modal-main"
>
          Replace 
          Jared
           in a role of 
          Bartender
           with
          <select
                    onChange={[Function]}
          >
                    <option>
                              Select staff
                    </option>
          </select>
          <button
                    onClick={[Function]}
          >
                    Save
          </button>
          <button
                    onClick={[Function]}
          >
                    Close
          </button>
</section>,
        "className": "modal-container",
      },
      "ref": null,
      "rendered": Object {
        "instance": null,
        "key": undefined,
        "nodeType": "host",
        "props": Object {
          "children": Array [
            "Replace ",
            "Jared",
            " in a role of ",
            "Bartender",
            " with",
            <select
              onChange={[Function]}
>
              <option>
                            Select staff
              </option>
</select>,
            <button
              onClick={[Function]}
>
              Save
</button>,
            <button
              onClick={[Function]}
>
              Close
</button>,
          ],
          "className": "modal-main",
        },
        "ref": null,
        "rendered": Array [
          "Replace ",
          "Jared",
          " in a role of ",
          "Bartender",
          " with",
          Object {
            "instance": null,
            "key": undefined,
            "nodeType": "host",
            "props": Object {
              "children": Array [
                <option>
                  Select staff
</option>,
                Array [],
              ],
              "onChange": [Function],
            },
            "ref": null,
            "rendered": Array [
              Object {
                "instance": null,
                "key": undefined,
                "nodeType": "host",
                "props": Object {
                  "children": "Select staff",
                },
                "ref": null,
                "rendered": "Select staff",
                "type": "option",
              },
            ],
            "type": "select",
          },
          Object {
            "instance": null,
            "key": undefined,
            "nodeType": "host",
            "props": Object {
              "children": "Save",
              "onClick": [Function],
            },
            "ref": null,
            "rendered": "Save",
            "type": "button",
          },
          Object {
            "instance": null,
            "key": undefined,
            "nodeType": "host",
            "props": Object {
              "children": "Close",
              "onClick": [Function],
            },
            "ref": null,
            "rendered": "Close",
            "type": "button",
          },
        ],
        "type": "section",
      },
      "type": "section",
    },
  ],
  Symbol(enzyme.__options__): Object {
    "adapter": ReactSixteenAdapter {
      "options": Object {
        "enableComponentDidUpdateOnSetState": true,
      },
    },
    "disableLifecycleMethods": true,
  },
}
`;
