// Jest Snapshot v1, https://goo.gl/fbAQLP

exports[`EditStaffSelect should match the snapshot 1`] = `
ShallowWrapper {
  "length": 1,
  Symbol(enzyme.__root__): [Circular],
  Symbol(enzyme.__unrendered__): <EditStaffSelect
    event_id={1}
    staff={
        Array [
            Object {
              "id": 2,
              "name": "Jared",
            },
          ]
    }
    updateEventStaff={[Function]}
/>,
  Symbol(enzyme.__renderer__): Object {
    "batchedUpdates": [Function],
    "getNode": [Function],
    "render": [Function],
    "simulateEvent": [Function],
    "unmount": [Function],
  },
  Symbol(enzyme.__node__): Object {
    "instance": null,
    "key": undefined,
    "nodeType": "host",
    "props": Object {
      "children": <select
        onChange={[Function]}
>
        <option>
                Select staff
        </option>
        <option
                value={2}
        >
                Jared
        </option>
</select>,
    },
    "ref": null,
    "rendered": Object {
      "instance": null,
      "key": undefined,
      "nodeType": "host",
      "props": Object {
        "children": Array [
          <option>
            Select staff
</option>,
          Array [
            <option
              value={2}
>
              Jared
</option>,
          ],
        ],
        "onChange": [Function],
      },
      "ref": null,
      "rendered": Array [
        Object {
          "instance": null,
          "key": undefined,
          "nodeType": "host",
          "props": Object {
            "children": "Select staff",
          },
          "ref": null,
          "rendered": "Select staff",
          "type": "option",
        },
        Object {
          "instance": null,
          "key": "2",
          "nodeType": "host",
          "props": Object {
            "children": "Jared",
            "value": 2,
          },
          "ref": null,
          "rendered": "Jared",
          "type": "option",
        },
      ],
      "type": "select",
    },
    "type": "form",
  },
  Symbol(enzyme.__nodes__): Array [
    Object {
      "instance": null,
      "key": undefined,
      "nodeType": "host",
      "props": Object {
        "children": <select
          onChange={[Function]}
>
          <option>
                    Select staff
          </option>
          <option
                    value={2}
          >
                    Jared
          </option>
</select>,
      },
      "ref": null,
      "rendered": Object {
        "instance": null,
        "key": undefined,
        "nodeType": "host",
        "props": Object {
          "children": Array [
            <option>
              Select staff
</option>,
            Array [
              <option
                value={2}
>
                Jared
</option>,
            ],
          ],
          "onChange": [Function],
        },
        "ref": null,
        "rendered": Array [
          Object {
            "instance": null,
            "key": undefined,
            "nodeType": "host",
            "props": Object {
              "children": "Select staff",
            },
            "ref": null,
            "rendered": "Select staff",
            "type": "option",
          },
          Object {
            "instance": null,
            "key": "2",
            "nodeType": "host",
            "props": Object {
              "children": "Jared",
              "value": 2,
            },
            "ref": null,
            "rendered": "Jared",
            "type": "option",
          },
        ],
        "type": "select",
      },
      "type": "form",
    },
  ],
  Symbol(enzyme.__options__): Object {
    "adapter": ReactSixteenAdapter {
      "options": Object {
        "enableComponentDidUpdateOnSetState": true,
      },
    },
  },
}
`;
